[backblue.gif]
[fade.gif]
[index.html]
[index-2.html]
[en.html]
[assets/application-ff3eeafc6379de310ee9f3b257ed73b3.css]
[ru.html]
[en/timetable.html]
[en/contacts.html]
[en/report.html]
[system/ckeditor_assets/pictures/2/content_elegion_logo12232.png]
[system/ckeditor_assets/pictures/4/content_dotandspaces_logo_bw.png]
[system/ckeditor_assets/pictures/1/content_content_foto-14069.jpg]
[js/api/openapi6c83.js]
[widgets.js]
[j/2/widget.js]
[system/logos/13/thumb/yandex-logo1c773.gif]
[system/logos/3/thumb/Opera-logo-PNGee3d.png]
[system/logos/11/thumb/microsoft_logo6aad.jpg]
[system/logos/2/thumb/Логотип1900.png]
[system/logos/10/thumb/supermediafc8f.jpg]
[system/logos/9/thumb/a-tak7e04.jpg]
[system/logos/4/thumb/mail0782.png]
[system/logos/6/thumb/nomobile_logo-(1)5b01.png]
[system/logos/7/thumb/Хакер_лого-1-(1)50a0.png]
[system/logos/14/thumb/iGuides_logo19c52.png]
[system/logos/15/thumb/mf2b3f.png]
[system/partner_logos/3/thumb/logo (2)00b7.png]
[system/partner_logos/41/thumb/ssa5fdd.jpg]
[system/partner_logos/49/thumb/itmozg35ce.png]
[system/partner_logos/2/thumb/logo_(1)7b65.png]
[system/partner_logos/52/thumb/MOBILE_logo381a.png]
[system/partner_logos/36/thumb/macsterf124.png]
[system/partner_logos/54/thumb/gazeta_logo_rus_line_white88df.gif]
[system/partner_logos/53/thumb/LogotypeApps4All7a71.png]
[system/partner_logos/40/thumb/ict_online_logo37c3.jpg]
[system/partner_logos/1/thumb/Begun-logoe3df.jpg]
[system/partner_logos/4/thumb/4htc94ac.jpg]
[system/partner_logos/5/thumb/wp7rock0822.jpg]
[system/partner_logos/6/thumb/insidernews9b33.jpg]
[system/partner_logos/7/thumb/mskit1501508f64.jpg]
[system/partner_logos/8/thumb/logobff2.jpg]
[system/partner_logos/9/thumb/itsz1501509f9d.jpg]
[system/partner_logos/11/thumb/gcup0f50.png]
[system/partner_logos/14/thumb/logo_droidnews-(1)0406.png]
[system/partner_logos/18/thumb/brainity8274.jpg]
[system/partner_logos/20/thumb/3dnews_logo_color27c8.png]
[system/partner_logos/23/thumb/cmsmagazine47da.png]
[system/partner_logos/25/thumb/divaxo3ff6.png]
[system/partner_logos/26/thumb/gp21b1.png]
[system/partner_logos/27/thumb/INCUBE_logocb6f.png]
[system/partner_logos/28/thumb/mobtel3a65.png]
[system/partner_logos/29/thumb/procontent_logo_15069e6.gif]
[system/partner_logos/30/thumb/itportfoliof68e.png]
[system/partner_logos/31/thumb/CNEWS-logo-100-85-0-01742.jpg]
[system/partner_logos/32/thumb/logo_1000pxd45d.png]
[system/partner_logos/33/thumb/klubmolodihpr573c.png]
[system/partner_logos/37/thumb/planetiphone_buttombecb.png]
[system/partner_logos/38/thumb/tods-logo2844d.jpg]
[system/partner_logos/39/thumb/spbit_logo1a6c.jpg]
[system/partner_logos/42/thumb/prostomac-logo_mainb1d4.jpg]
[system/partner_logos/43/thumb/pg_uk_logo_stck_blackf404.png]
[system/partner_logos/44/thumb/MI_logo3_3_(1)65d8.jpg]
[system/partner_logos/45/thumb/Cyberstyle_big32b7.jpg]
[system/partner_logos/46/thumb/Konferenciis_Baneri_(1)6a28.png]
[system/partner_logos/47/thumb/logo_KlubMPf19d.jpg]
[system/partner_logos/48/thumb/PCMlogo71x962c1d.gif]
[system/partner_logos/50/thumb/mediabuzz0e35.jpg]
[system/partner_logos/51/thumb/TA_logo_white_200x100288e.jpg]
[system/partner_logos/55/thumb/biznesjournal7c1e.jpg]
[system/partner_logos/56/thumb/mf_logo_cmyka363.jpg]
[images/developed_logo.png]
[ajax/libs/jquery/1.7.1/jquery.min.js]
[metrika/watch.js]
[en.html]
[images/ie_gradients.png]
[images/ie_gradients2.png]
[images/logo_info_date_new.png]
[fonts/PTS55F-webfont.eot]
[fonts/PTS55F-webfont.ttf]
[fonts/PTS55F-webfontd41d.eot]
[fonts/PTN77F-webfontd41d.eot]
[fonts/PTN77F-webfont.ttf]
[fonts/PTN57F-webfont.eot]
[fonts/PTN57F-webfont.woff]
[fonts/PTN57F-webfont.ttf]
[images/partner_grid.gif]
[images/organizer_logo.png]
[images/flag.png]
[images/theme_line.gif]
[assets/application-ff3eeafc6379de310ee9f3b257ed73b3.css]
[ru/timetable.html]
[ru/contacts.html]
[system/ckeditor_assets/pictures/4/content_dotandspaces_logo_bw361b.png]
[ru/report.html]
[system/partner_logos/10/thumb/nnit1501504d89.jpg]
[ru.html]
[system/speaker_logos/99/small_thumb/zverevc72b.png]
[system/speaker_logos/103/small_thumb/olga0ae1.jpg]
[system/speaker_logos/47/small_thumb/blackberry06bb.jpg]
[system/speaker_logos/63/small_thumb/yotacb92.jpg]
[system/speaker_logos/128/small_thumb/kiselev4405.jpg]
[system/speaker_logos/120/small_thumb/batuhtina22fd.png]
[system/speaker_logos/121/small_thumb/aliev8ad1.png]
[system/speaker_logos/130/small_thumb/adamoviczf943.jpg]
[system/speaker_logos/142/small_thumb/jolobova6ad8.jpg]
[system/speaker_logos/144/small_thumb/ryabovf36a.jpg]
[system/speaker_logos/145/small_thumb/schwarzmanncf00.jpg]
[system/speaker_logos/148/small_thumb/pavlov5178.jpg]
[system/speaker_logos/124/small_thumb/megafon88df.jpg]
[system/speaker_logos/110/small_thumb/tarasovbfa8.jpg]
[system/speaker_logos/101/small_thumb/5-1bd30.jpg]
[system/speaker_logos/113/small_thumb/pusenjakbb28.jpg]
[system/speaker_logos/127/small_thumb/pacaye545.jpg]
[system/speaker_logos/141/small_thumb/ternetskiyfd41.jpg]
[system/speaker_logos/146/small_thumb/beliyc0e5.jpg]
[system/speaker_logos/132/small_thumb/chernb1d2.png]
[system/speaker_logos/116/small_thumb/bugaevbf31.jpg]
[system/speaker_logos/81/small_thumb/operac00e.png]
[system/speaker_logos/123/small_thumb/Computerbild9d31.jpg]
[system/speaker_logos/129/small_thumb/satinbbcd.png]
[system/speaker_logos/133/small_thumb/kichinskiy63d4.png]
[system/speaker_logos/134/small_thumb/stoffmanafd6.jpg]
[system/speaker_logos/106/small_thumb/James-Cameronb7ba.jpg]
[system/speaker_logos/114/small_thumb/max.mironchik-intellectsoft-100x100616d.jpg]
[system/speaker_logos/143/small_thumb/zaytsev07cd.jpg]
[system/speaker_logos/147/small_thumb/pirliche110.jpg]
[system/speaker_logos/107/small_thumb/FotoFlexer_Photo97fe.jpg]
[system/speaker_logos/80/small_thumb/begun9669.jpg]
[system/speaker_logos/76/small_thumb/otm37c7.jpg]
[system/speaker_logos/125/small_thumb/mac9de2.jpg]
[system/speaker_logos/126/small_thumb/savin6f75.jpg]
[system/speaker_logos/149/small_thumb/nick1b5e.jpg]
[system/speaker_logos/136/small_thumb/alexeev194c.jpg]
[system/speaker_logos/137/small_thumb/zaikinfded.jpg]
[system/speaker_logos/138/small_thumb/dodonov8306.jpg]
[system/speaker_logos/139/small_thumb/busigin8749.jpg]
[system/speaker_logos/140/small_thumb/subbotinee47.jpg]
[en/timetable.html]
[images/map_mark-2.png]
[en/contacts.html]
[en/report.html]
[activity.set]
[widget_comments.php]
[widget_recommended.php]
[widget_post.php]
[widget_like.php]
[widget_poll.php]
[al_widget_poll.php]
[widget_community.php]
[widget_auth.php]
[widget_subscribe.php]
[ads_rotate.php]
[api/openapi.js]
[js/api/openapi6c83.js]
[javascripts/jquery-1.7.1.min.js]
[assets/application-f23c819d36c2be3f862fd2176460538f.js]
[get]
[POST]
[metrika/watch.js]
[fonts/PTS55F-webfont.svg]
[fonts/PTS55F-webfont.woff]
[fonts/PTN77F-webfont.eot]
[fonts/PTN77F-webfont.woff]
[fonts/PTN57F-webfont.svg]
[fonts/PTN57F-webfontd41d.eot]
[images/sponsor_grid.gif]
[images/map_mark.png]
[images/theme_line.html]
[ru/timetable.html]
[ru/contacts.html]
[ru/report.html]
[; path=]
[; path=/index.html]
[activity.html]
[widget_comments.html]
[widget_recommended.html]
[widget_post.html]
[widget_like.html]
[widget_poll.html]
[al_widget_poll.html]
[widget_community.html]
[widget_auth.html]
[widget_subscribe.html]
[ads_rotate.html]
[js/api/openapi_updated41d.html]
[api/openapi.html]
[en/index.html]
[get.html]
[path=.9e.delayed]
[path=/index.html]
[POST.html]
[0/2153/04db6.html]
[fonts/PTN77F-webfont.svg]
[; path=.html]
[path=.html]
